../Core/Src/main.c:68:6:OpenKey	8	static
../Core/Src/main.c:75:6:CloseKey	8	static
../Core/Src/main.c:120:6:ResetFan	48	static
../Core/Src/main.c:141:10:ReadTachRegister	48	static
../Core/Src/main.c:151:6:Read_Fan_Tachometer	8	static
../Core/Src/main.c:159:6:ReadStatus	24	static
../Core/Src/main.c:165:10:CalculateRPM	16	static
../Core/Src/main.c:173:10:GetMinRPM	32	static
../Core/Src/main.c:187:6:Calculate_RPM	24	static
../Core/Src/main.c:198:6:FanContrlSetDuty	48	static
../Core/Src/main.c:215:6:SetPWMFrequency	40	static
../Core/Src/main.c:226:6:WriteMAX31760Register	40	static
../Core/Src/main.c:232:6:InitMAX31760	16	static
../Core/Src/main.c:243:6:SetButton	16	static
../Core/Src/main.c:248:6:PressButton	16	static
../Core/Src/main.c:255:6:SetPWROK	16	static
../Core/Src/main.c:260:6:SetTempMode	8	static
../Core/Src/main.c:271:6:Send_Fan_Tachometer_To_Motherboard	16	static
../Core/Src/main.c:295:5:main	8	static
../Core/Src/main.c:382:6:SystemClock_Config	88	static
../Core/Src/main.c:428:13:MX_NVIC_Init	8	static
../Core/Src/main.c:449:13:MX_I2C1_Init	8	static
../Core/Src/main.c:497:13:MX_I2C2_Init	8	static
../Core/Src/main.c:545:13:MX_TIM2_Init	64	static
../Core/Src/main.c:604:13:MX_TIM3_Init	40	static
../Core/Src/main.c:649:13:MX_GPIO_Init	48	static
../Core/Src/main.c:700:6:ProcessComand	16	static
../Core/Src/main.c:768:6:HAL_I2C_SlaveRxCpltCallback	16	static
../Core/Src/main.c:788:6:HAL_TIM_PeriodElapsedCallback	16	static
../Core/Src/main.c:822:6:Error_Handler	8	static,ignoring_inline_asm
